
Running 1 test using 1 worker

LocalStorage after save: Empty
  Γ£ÿ  1 [chromium] ΓÇ║ tests\clinical-file.spec.ts:29:5 ΓÇ║ Clinical File ΓÇ║ Editing Workflow (12.6s)


  1) [chromium] ΓÇ║ tests\clinical-file.spec.ts:29:5 ΓÇ║ Clinical File ΓÇ║ Editing Workflow ΓöÇΓöÇΓöÇΓöÇΓöÇΓöÇΓöÇΓöÇΓöÇΓöÇΓöÇΓöÇΓöÇΓöÇ

    Error: [2mexpect([22m[31mlocator[39m[2m).[22mtoBeVisible[2m([22m[2m)[22m failed

    Locator: locator('text=Patient has fever 1764666279278')
    Expected: visible
    Timeout: 5000ms
    Error: element(s) not found

    Call log:
    [2m  - Expect "toBeVisible" with timeout 5000ms[22m
    [2m  - waiting for locator('text=Patient has fever 1764666279278')[22m


      58 |         await page.waitForSelector('text=Clinical File');
      59 |         await page.click('text=Clinical File'); // Navigate back to tab
    > 60 |         await expect(page.locator(`text=${testText}`)).toBeVisible();
         |                                                        ^
      61 |     });
      62 |
      63 |     test('AI Clean-Up UI', async ({ page }) => {
        at C:\Users\harik\OneDrive\Desktop\New folder\JULES\MedFlow\tests\clinical-file.spec.ts:60:56

    attachment #1: screenshot (image/png) ΓöÇΓöÇΓöÇΓöÇΓöÇΓöÇΓöÇΓöÇΓöÇΓöÇΓöÇΓöÇΓöÇΓöÇΓöÇΓöÇΓöÇΓöÇΓöÇΓöÇΓöÇΓöÇΓöÇΓöÇΓöÇΓöÇΓöÇΓöÇΓöÇΓöÇΓöÇΓöÇΓöÇΓöÇΓöÇΓöÇΓöÇΓöÇΓöÇΓöÇΓöÇΓöÇΓöÇΓöÇΓöÇΓöÇΓöÇΓöÇΓöÇΓöÇΓöÇΓöÇΓöÇΓöÇΓöÇΓöÇΓöÇΓöÇ
    test-results\clinical-file-Clinical-File-Editing-Workflow-chromium\test-failed-1.png
    ΓöÇΓöÇΓöÇΓöÇΓöÇΓöÇΓöÇΓöÇΓöÇΓöÇΓöÇΓöÇΓöÇΓöÇΓöÇΓöÇΓöÇΓöÇΓöÇΓöÇΓöÇΓöÇΓöÇΓöÇΓöÇΓöÇΓöÇΓöÇΓöÇΓöÇΓöÇΓöÇΓöÇΓöÇΓöÇΓöÇΓöÇΓöÇΓöÇΓöÇΓöÇΓöÇΓöÇΓöÇΓöÇΓöÇΓöÇΓöÇΓöÇΓöÇΓöÇΓöÇΓöÇΓöÇΓöÇΓöÇΓöÇΓöÇΓöÇΓöÇΓöÇΓöÇΓöÇΓöÇΓöÇΓöÇΓöÇΓöÇΓöÇΓöÇΓöÇΓöÇΓöÇΓöÇΓöÇΓöÇΓöÇΓöÇΓöÇΓöÇΓöÇΓöÇΓöÇΓöÇΓöÇΓöÇΓöÇΓöÇΓöÇΓöÇΓöÇΓöÇΓöÇΓöÇΓöÇΓöÇ

    Error Context: test-results\clinical-file-Clinical-File-Editing-Workflow-chromium\error-context.md

  1 failed
    [chromium] ΓÇ║ tests\clinical-file.spec.ts:29:5 ΓÇ║ Clinical File ΓÇ║ Editing Workflow ΓöÇΓöÇΓöÇΓöÇΓöÇΓöÇΓöÇΓöÇΓöÇΓöÇΓöÇΓöÇΓöÇΓöÇΓöÇ
