scripts/seed-admin.cjs(1,1): error TS1490: File appears to be binary.
scripts/seed-admin.cjs(1,2): error TS1128: Declaration or statement expected.
